
> backend@1.0.0 typecheck
> tsc -p tsconfig.json --noEmit

